02:57:41 WARNING [discord.client] PyNaCl is not installed, voice will NOT be supported
[2026-03-10 02:57:41] [INFO    ] discord.client: logging in using static token
02:57:41 INFO [discord.client] logging in using static token
02:57:41 INFO [bot] Views registered and Heartbeat started. Use !sync in a channel to update slash commands.
[2026-03-10 02:57:42] [INFO    ] discord.gateway: Shard ID None has connected to Gateway (Session ID: ed1ce5e5ee5f2c99695e344816423a85).
02:57:42 INFO [discord.gateway] Shard ID None has connected to Gateway (Session ID: ed1ce5e5ee5f2c99695e344816423a85).
02:57:44 INFO [bot] Logged in as ~Mwecha~\u2726~Epstwein~#4855
03:27:41 INFO [bot] Heartbeat: chess is posting in #sim-city
03:27:42 ERROR [bot] Failed to get/create webhook: 403 Forbidden (error code: 50013): Missing Permissions
03:34:16 INFO [httpx] HTTP Request: POST http://localhost:1234/v1/chat/completions "HTTP/1.1 200 OK"
05:06:11 WARNING [discord.client] PyNaCl is not installed, voice will NOT be supported
05:06:11 WARNING [bot] Another instance is already running. Exiting.
05:06:25 WARNING [discord.client] PyNaCl is not installed, voice will NOT be supported
05:06:25 WARNING [bot] Another instance is already running. Exiting.
05:06:40 WARNING [discord.client] PyNaCl is not installed, voice will NOT be supported
[2026-03-10 05:06:40] [INFO    ] discord.client: logging in using static token
05:06:40 INFO [discord.client] logging in using static token
05:06:41 INFO [bot] Views registered and Heartbeat started. Use !sync in a channel to update slash commands.
[2026-03-10 05:06:41] [INFO    ] discord.gateway: Shard ID None has connected to Gateway (Session ID: e53082b825dd7f8c9a81e2d3d0742752).
05:06:41 INFO [discord.gateway] Shard ID None has connected to Gateway (Session ID: e53082b825dd7f8c9a81e2d3d0742752).
05:06:43 INFO [bot] Logged in as ~Mwecha~\u2726~Epstwein~#4855
05:06:51 INFO [httpx] HTTP Request: GET http://localhost:1234/v1/models "HTTP/1.1 200 OK"
